Microchip MPLAB XC8 Compiler V2.32

Linker command line:

-W-3 --edf=C:\Program Files\Microchip\xc8\v2.32\pic\dat\en_msgs.txt -cn \
  -h+dist/default/production\GB.X.production.sym \
  --cmf=dist/default/production\GB.X.production.cmf -z -Q16F88 \
  -oC:\Users\Usuario\AppData\Local\Temp\xcAs6fs.4 --defsym=__MPLAB_BUILD=1 \
  -Mdist/default/production/GB.X.production.map -E1 -ver=XC8 Compiler \
  --acfsm=1493 -ASTACK=0110h-016Fh -pstack=STACK -ACODE=00h-07FFhx2 \
  -ASTRCODE=00h-0FFFh -ASTRING=00h-0FFhx16 -ACONST=00h-0FFhx16 \
  -AENTRY=00h-0FFhx16 -ACOMMON=070h-07Fh -ABANK0=020h-06Fh \
  -ABANK1=0A0h-0EFh -ABANK2=0110h-016Fh -ABANK3=0190h-01EFh \
  -ARAM=020h-06Fh,0A0h-0EFh,0110h-016Fh,0190h-01EFh \
  -AABS1=020h-07Fh,0A0h-0EFh,0110h-016Fh,0190h-01EFh -ASFR0=00h-01Fh \
  -ASFR1=080h-09Fh -ASFR2=0100h-010Fh -ASFR3=0180h-018Fh \
  -ACONFIG=02007h-02008h -DCONFIG=2 -AIDLOC=02000h-02003h -DIDLOC=2 \
  -AEEDATA=00h-0FFh/02100h -peeprom_data=EEDATA -DEEDATA=2 -DCODE=2 \
  -DSTRCODE=2 -DSTRING=2 -DCONST=2 -DENTRY=2 \
  -preset_vec=00h,intentry,init,end_init -ppowerup=CODE -pcinit=CODE \
  -pfunctab=ENTRY -k C:\Users\Usuario\AppData\Local\Temp\xcAs6fs.o \
  dist/default/production\GB.X.production.o 

Object code version is 3.11

Machine type is 16F88



                Name                               Link     Load   Length Selector   Space Scale
C:\Users\Usuario\AppData\Local\Temp\xcAs6fs.o
                end_init                              0        0        2        0       0
                config                             2007     2007        2        0       4
dist/default/production\GB.X.production.o
                cinit                               7FD      7FD        3      FFA       0
                config                             2007     2007        2        0       4
                text9                               631      631        7      C62       0
                text8                               659      659       1A      CB2       0
                text7                               692      692       22      D24       0
                text6                               641      641       18      C82       0
                text5                               638      638        9      C70       0
                text4                               724      724       44      E48       0
                text3                               768      768       95      ED0       0
                text2                               6B4      6B4       35      D68       0
                text1                               673      673       1F      CE6       0
                maintext                            6E9      6E9       3B      DD2       0
                cstackCOMMON                         70       70        E       70       1
                strings                               2        2       1C        4       0

TOTAL           Name                               Link     Load   Length     Space
        CLASS   STACK          

        CLASS   CODE           
                end_init                              0        0        2         0
                cinit                               7FD      7FD        3         0
                text9                               631      631        7         0
                text8                               659      659       1A         0
                text7                               692      692       22         0
                text6                               641      641       18         0
                text5                               638      638        9         0
                text4                               724      724       44         0
                text3                               768      768       95         0
                text2                               6B4      6B4       35         0
                text1                               673      673       1F         0
                maintext                            6E9      6E9       3B         0

        CLASS   STRCODE        

        CLASS   STRING         
                strings                               2        2       1C         0

        CLASS   CONST          

        CLASS   ENTRY          

        CLASS   COMMON         
                cstackCOMMON                         70       70        E         1

        CLASS   BANK0          

        CLASS   BANK1          

        CLASS   BANK2          

        CLASS   BANK3          

        CLASS   RAM            

        CLASS   ABS1           
                abs_s1                               7E       7E        2         1

        CLASS   SFR0           

        CLASS   SFR1           

        CLASS   SFR2           

        CLASS   SFR3           

        CLASS   CONFIG         
                config                             2007     2007        2         4

        CLASS   IDLOC          

        CLASS   EEDATA         



SEGMENTS        Name                           Load    Length   Top    Selector   Space  Class     Delta

                reset_vec                      000000  000002  000002         0       0  CODE        2
                strings                        000002  00001C  00001E         4       0  STRING      2
                cstackCOMMON                   000070  00000E  00007E        70       1  COMMON      1
                text9                          000631  000007  000638       C62       0  CODE        2
                text5                          000638  000009  000641       C70       0  CODE        2
                text6                          000641  000018  000659       C82       0  CODE        2
                text8                          000659  00001A  000673       CB2       0  CODE        2
                text1                          000673  00001F  000692       CE6       0  CODE        2
                text7                          000692  000022  0006B4       D24       0  CODE        2
                text2                          0006B4  000035  0006E9       D68       0  CODE        2
                maintext                       0006E9  00003B  000724       DD2       0  CODE        2
                text4                          000724  000044  000768       E48       0  CODE        2
                text3                          000768  000095  0007FD       ED0       0  CODE        2
                cinit                          0007FD  000003  000800       FFA       0  CODE        2


UNUSED ADDRESS RANGES

        Name                Unused          Largest block    Delta
        BANK0            0020-006F             50           1
        BANK1            00A0-00EF             50           1
        BANK2            0110-016F             60           1
        BANK3            0190-01EF             60           1
        CODE             001E-0630            613           2
                         0800-0FFF            800
        CONST            001E-0630            100           2
                         0800-0FFF            100
        EEDATA           2100-21FF            100           2
        ENTRY            001E-0630            100           2
                         0800-0FFF            100
        IDLOC            2000-2003              4           2
        RAM              0020-006F             50           1
                         00A0-00EF             50
                         0110-016F             60
                         0190-01EF             60
        SFR0             0000-001F             20           1
        SFR1             0080-009F             20           1
        SFR2             0100-010F             10           1
        SFR3             0180-018F             10           1
        STACK            0110-016F             60           1
        STRCODE          001E-0630            613           2
                         0800-0FFF            800
        STRING           001E-0630            100           2
                         0800-0FFF            100

                                  Symbol Table

Lcd_Cmd@a                  cstackCOMMON 0073
Lcd_Port@a                 cstackCOMMON 0070
Lcd_Set_Cursor@a           cstackCOMMON 0074
Lcd_Set_Cursor@b           cstackCOMMON 0077
Lcd_Set_Cursor@temp        cstackCOMMON 007A
Lcd_Set_Cursor@y           cstackCOMMON 0079
Lcd_Set_Cursor@z           cstackCOMMON 0078
Lcd_Write_Char@a           cstackCOMMON 0074
Lcd_Write_Char@temp        cstackCOMMON 0072
Lcd_Write_Char@y           cstackCOMMON 0073
Lcd_Write_String@a         cstackCOMMON 0077
Lcd_Write_String@i         cstackCOMMON 0075
_ANSEL                     (abs)        009B
_ConfigOscillator          text9        0631
_ConfigPorts               text8        0659
_Lcd_Clear                 text5        0638
_Lcd_Cmd                   text6        0641
_Lcd_Init                  text4        0724
_Lcd_Port                  text7        0692
_Lcd_Set_Cursor            text3        0768
_Lcd_Write_Char            text2        06B4
_Lcd_Write_String          text1        0673
_OSCCONbits                (abs)        008F
_PORTA                     (abs)        0005
_PORTB                     (abs)        0006
_RB1                       (abs)        0031
_RB2                       (abs)        0032
_RB3                       (abs)        0033
_RB4                       (abs)        0034
_RB5                       (abs)        0035
_RB6                       (abs)        0036
_TRISAbits                 (abs)        0085
_TRISBbits                 (abs)        0086
__Habs1                    abs1         0000
__Hbank0                   bank0        0000
__Hbank1                   bank1        0000
__Hbank2                   bank2        0000
__Hbank3                   bank3        0000
__Hcinit                   cinit        0800
__Hclrtext                 clrtext      0000
__Hcode                    code         0000
__Hcommon                  common       0000
__Hconfig                  config       2009
__HcstackCOMMON            cstackCOMMON 0000
__Heeprom_data             eeprom_data  0000
__Hend_init                end_init     0002
__Hfunctab                 functab      0000
__Hinit                    init         0000
__Hintentry                intentry     0000
__Hmaintext                maintext     0000
__Hpowerup                 powerup      0000
__Hram                     ram          0000
__Hreset_vec               reset_vec    0000
__Hsfr0                    sfr0         0000
__Hsfr1                    sfr1         0000
__Hsfr2                    sfr2         0000
__Hsfr3                    sfr3         0000
__Hspace_0                 (abs)        0800
__Hspace_1                 (abs)        007E
__Hspace_2                 (abs)        0000
__Hspace_3                 (abs)        0000
__Hspace_4                 (abs)        4010
__Hstack                   stack        0000
__Hstrings                 strings      0000
__Htext                    text         0000
__Labs1                    abs1         0000
__Lbank0                   bank0        0000
__Lbank1                   bank1        0000
__Lbank2                   bank2        0000
__Lbank3                   bank3        0000
__Lcinit                   cinit        07FD
__Lclrtext                 clrtext      0000
__Lcode                    code         0000
__Lcommon                  common       0000
__Lconfig                  config       0000
__LcstackCOMMON            cstackCOMMON 0000
__Leeprom_data             eeprom_data  0000
__Lend_init                end_init     0000
__Lfunctab                 functab      0000
__Linit                    init         0000
__Lintentry                intentry     0000
__Lmaintext                maintext     0000
__Lpowerup                 powerup      0000
__Lram                     ram          0000
__Lreset_vec               reset_vec    0000
__Lsfr0                    sfr0         0000
__Lsfr1                    sfr1         0000
__Lsfr2                    sfr2         0000
__Lsfr3                    sfr3         0000
__Lspace_0                 (abs)        0000
__Lspace_1                 (abs)        0000
__Lspace_2                 (abs)        0000
__Lspace_3                 (abs)        0000
__Lspace_4                 (abs)        0000
__Lstack                   stack        0000
__Lstrings                 strings      0000
__Ltext                    text         0000
__S0                       (abs)        0800
__S1                       (abs)        007E
__S2                       (abs)        0000
__S3                       (abs)        0000
___int_sp                  stack        0000
___latbits                 (abs)        0001
___sp                      stack        0000
___stackhi                 (abs)        0000
___stacklo                 (abs)        0000
__end_of_ConfigOscillator  text9        0638
__end_of_ConfigPorts       text8        0673
__end_of_Lcd_Clear         text5        0641
__end_of_Lcd_Cmd           text6        0659
__end_of_Lcd_Init          text4        0768
__end_of_Lcd_Port          text7        06B4
__end_of_Lcd_Set_Cursor    text3        07FD
__end_of_Lcd_Write_Char    text2        06E9
__end_of_Lcd_Write_String  text1        0692
__end_of__initialization   cinit        07FD
__end_of__stringtab        strings      0008
__end_of_main              maintext     0724
__initialization           cinit        07FD
__pcstackCOMMON            cstackCOMMON 0070
__pmaintext                maintext     06E9
__pstrings                 strings      0002
__ptext1                   text1        0673
__ptext2                   text2        06B4
__ptext3                   text3        0768
__ptext4                   text4        0724
__ptext5                   text5        0638
__ptext6                   text6        0641
__ptext7                   text7        0692
__ptext8                   text8        0659
__ptext9                   text9        0631
__size_of_ConfigOscillator (abs)        0000
__size_of_ConfigPorts      (abs)        0000
__size_of_Lcd_Clear        (abs)        0000
__size_of_Lcd_Cmd          (abs)        0000
__size_of_Lcd_Init         (abs)        0000
__size_of_Lcd_Port         (abs)        0000
__size_of_Lcd_Set_Cursor   (abs)        0000
__size_of_Lcd_Write_Char   (abs)        0000
__size_of_Lcd_Write_String (abs)        0000
__size_of_main             (abs)        0000
__stringbase               strings      0007
__stringtab                strings      0002
_main                      maintext     06E9
btemp                      (abs)        007E
end_of_initialization      cinit        07FD
intlevel0                  functab      0000
intlevel1                  functab      0000
intlevel2                  functab      0000
intlevel3                  functab      0000
intlevel4                  functab      0000
intlevel5                  functab      0000
reset_vec                  reset_vec    0000
start                      init         0000
start_initialization       cinit        07FD
wtemp0                     (abs)        007E


MODULE INFORMATION

Module		Function		Class		Link	Load	Size
shared
		__stringtab    		STRING         	0002	0000	6
		__initialization		CODE           	07FD	0000	1

shared estimated size: 7

./lcd_16x4.h
		_Lcd_Write_String		CODE           	0673	0000	31
		_Lcd_Init      		CODE           	0724	0000	68
		_Lcd_Write_Char		CODE           	06B4	0000	53
		_Lcd_Cmd       		CODE           	0641	0000	24
		_Lcd_Set_Cursor		CODE           	0768	0000	149
		_Lcd_Clear     		CODE           	0638	0000	9
		_Lcd_Port      		CODE           	0692	0000	34

./lcd_16x4.h estimated size: 368

main.c
		_ConfigPorts   		CODE           	0659	0000	26
		_main          		CODE           	06E9	0000	59
		_ConfigOscillator		CODE           	0631	0000	7

main.c estimated size: 92

